2026-09-29 04:21:37.467: [INFO] CurrentProfilePath: C:\Users\User\Documents\ProyectoSkyFlow_LPII\SkyFlow_0\.metadata\.plugins\org.eclipse.swt\EBWebView\Default
2026-09-29 04:21:37.467: [INFO] Profiles total count: 1
2026-09-29 04:21:37.467: [INFO] Profile: name=Perfil 1 path=C:\Users\User\Documents\ProyectoSkyFlow_LPII\SkyFlow_0\.metadata\.plugins\org.eclipse.swt\EBWebView\Default lastActive=null
2026-09-29 04:21:37.467: [INFO] LastUsedProfileDir: C:\Users\User\Documents\ProyectoSkyFlow_LPII\SkyFlow_0\.metadata\.plugins\org.eclipse.swt\EBWebView\Default
2026-09-29 04:21:37.467: [INFO] OnDoneLoading sync enabled: 0
2026-09-29 04:21:37.467: [INFO] BookmarkModelLoaded, ids_reassigned: 0
2026-09-29 04:21:37.467: [INFO] BookmarksLoadDropped droppedNodes=0
2026-09-29 04:21:37.467: [INFO] BookmarksSnapshot Startup total=0 bar=0 other=0 mobile=0 showBar=0 showBarNTP=1
2026-09-29 04:23:53.596: [INFO] BookmarksSnapshot Shutdown total=0 bar=0 other=0 mobile=0 showBar=0 showBarNTP=1
2026-09-30 09:16:26.458: [INFO] CurrentProfilePath: C:\Users\User\Documents\ProyectoSkyFlow_LPII\SkyFlow_0\.metadata\.plugins\org.eclipse.swt\EBWebView\Default
2026-09-30 09:16:26.458: [INFO] Profiles total count: 1
2026-09-30 09:16:26.458: [INFO] Profile: name=Perfil 1 path=C:\Users\User\Documents\ProyectoSkyFlow_LPII\SkyFlow_0\.metadata\.plugins\org.eclipse.swt\EBWebView\Default lastActive=null
2026-09-30 09:16:26.458: [INFO] LastUsedProfileDir: C:\Users\User\Documents\ProyectoSkyFlow_LPII\SkyFlow_0\.metadata\.plugins\org.eclipse.swt\EBWebView\Default
2026-09-30 09:16:26.458: [INFO] OnDoneLoading sync enabled: 0
2026-09-30 09:16:26.458: [INFO] BookmarkModelLoaded, ids_reassigned: 0
2026-09-30 09:16:26.458: [INFO] BookmarksLoadDropped droppedNodes=0
2026-09-30 09:16:26.458: [INFO] BookmarksSnapshot Startup total=0 bar=0 other=0 mobile=0 showBar=0 showBarNTP=1
2026-09-30 09:53:01.301: [INFO] BookmarksSnapshot Shutdown total=0 bar=0 other=0 mobile=0 showBar=0 showBarNTP=1
2026-09-30 10:30:47.891: [INFO] CurrentProfilePath: C:\Users\User\Documents\ProyectoSkyFlow_LPII\SkyFlow_0\.metadata\.plugins\org.eclipse.swt\EBWebView\Default
2026-09-30 10:30:47.891: [INFO] Profiles total count: 1
2026-09-30 10:30:47.891: [INFO] Profile: name=Perfil 1 path=C:\Users\User\Documents\ProyectoSkyFlow_LPII\SkyFlow_0\.metadata\.plugins\org.eclipse.swt\EBWebView\Default lastActive=null
2026-09-30 10:30:47.891: [INFO] LastUsedProfileDir: C:\Users\User\Documents\ProyectoSkyFlow_LPII\SkyFlow_0\.metadata\.plugins\org.eclipse.swt\EBWebView\Default
2026-09-30 10:30:47.891: [INFO] OnDoneLoading sync enabled: 0
2026-09-30 10:30:47.891: [INFO] BookmarkModelLoaded, ids_reassigned: 0
2026-09-30 10:30:47.891: [INFO] BookmarksLoadDropped droppedNodes=0
2026-09-30 10:30:47.891: [INFO] BookmarksSnapshot Startup total=0 bar=0 other=0 mobile=0 showBar=0 showBarNTP=1
2026-09-30 11:17:49.736: [INFO] BookmarksSnapshot Shutdown total=0 bar=0 other=0 mobile=0 showBar=0 showBarNTP=1
2026-10-01 05:32:31.453: [INFO] CurrentProfilePath: C:\Users\User\Documents\A\ProyectoSkyFlow_LPII\SkyFlow_0\.metadata\.plugins\org.eclipse.swt\EBWebView\Default
2026-10-01 05:32:31.453: [INFO] Profiles total count: 1
2026-10-01 05:32:31.453: [INFO] Profile: name=Perfil 1 path=C:\Users\User\Documents\A\ProyectoSkyFlow_LPII\SkyFlow_0\.metadata\.plugins\org.eclipse.swt\EBWebView\Default lastActive=null
2026-10-01 05:32:31.453: [INFO] LastUsedProfileDir: C:\Users\User\Documents\A\ProyectoSkyFlow_LPII\SkyFlow_0\.metadata\.plugins\org.eclipse.swt\EBWebView\Default
2026-10-01 05:32:31.453: [INFO] OnDoneLoading sync enabled: 0
2026-10-01 05:32:31.453: [INFO] BookmarkModelLoaded, ids_reassigned: 0
2026-10-01 05:32:31.453: [INFO] BookmarksLoadDropped droppedNodes=0
2026-10-01 05:32:31.453: [INFO] BookmarksSnapshot Startup total=0 bar=0 other=0 mobile=0 showBar=0 showBarNTP=1
2026-10-01 06:15:24.842: [INFO] BookmarksSnapshot Shutdown total=0 bar=0 other=0 mobile=0 showBar=0 showBarNTP=1
